2025-12-15 12:00:01 READ 0.023
2025-12-15 12:01:05 WRITE 0.045
2025-12-15 12:02:12 READ 0.031
